­ƒÜÇ TEST: Respuesta API con "la kompu no prende"

­ƒôØ PASO 1: Obtener greeting...
Ô£à Session ID: web-900237af384b96c6f79b8165...
Ô£à CSRF Token: qWzUpEadwp65-_GVmzTs2-U3Yl_rt3...
Ô£à Greeting: {
  "ok": true,
  "greeting": "­ƒôï **Pol├¡tica de Privacidad y Consentimiento**\n\nAntes de continuar, quiero informarte:\n\nÔ£à Guardar├® tu nombre y nuestra conversaci├│n durante **48 horas**\nÔ£à Los datos se usar├ín **solo para brindarte soporte t├®cnico**\nÔ£à Pod├®s solicitar **eliminaci├│n de tus datos** en cualquier momento\nÔ£à **No compartimos** tu informaci├│n con terceros\nÔ£à Cumplimos con **GDPR y normativas de privacidad**\n\n­ƒöù Pol├¡tica completa: https://stia.com.ar/politica-privacidad.html\n\n**┬┐Acept├ís estos t├®rminos?**",
  "reply": "­ƒôï **Pol├¡tica de Privacidad y Consentimiento**\n\nAntes de continuar, quiero informarte:\n\nÔ£à Guardar├® tu nombre y nuestra conversaci├│n durante **48 horas**\nÔ£à Los datos se usar├ín **solo para brindarte soporte t├®cnico**\nÔ£à Pod├®s solicitar **eliminaci├│n de tus datos** en cualquier momento\nÔ£à **No compartimos** tu informaci├│n con terceros\nÔ£à Cumplimos con **GDPR y normativas de privacidad**\n\n­ƒöù Pol├¡tica completa: https://stia.com.ar/politica-privacidad.html\n\n**┬┐Acept├ís estos t├®rminos?**",
  "stage": "ASK_LANGUAGE",
  "sessionId": "web-900237af384b96c6f79b8165",
  "csrfToken": "qWzUpEadwp65-_GVmzTs2-U3Yl_rt3KhBT0i81f5oGc",
  "buttons": [
    {
      "text": "S├¡",
      "value": "si"
    },
    {
      "text": "No",
      "value": "no"
    }
  ]
}

­ƒôØ PASO 2: Aceptar GDPR...
­ƒôÑ GDPR response: {
  "ok": true,
  "reply": "Ô£à **Gracias por aceptar**\n\n­ƒîì **Seleccion├í tu idioma / Select your language:**",
  "stage": "ASK_LANGUAGE",
  "buttons": [
    {
      "text": "­ƒçª­ƒçÀ Espa├▒ol",
      "value": "espa├▒ol"
    },
    {
      "text": "­ƒç║­ƒç© English",
      "value": "english"
    }
  ]
}

­ƒôØ PASO 3: Seleccionar idioma espa├▒ol...
Ô£à Idioma seleccionado: true

­ƒôØ PASO 4: Enviar nombre "Lucas"...
Ô£à Nombre registrado (stage: ASK_NEED)

­ƒôØ PASO 5: Verificar buttons en ASK_NEED...
   Buttons: [{"text":"­ƒöº Solucionar / Diagnosticar Problema","value":"BTN_PROBLEMA","description":"Si ten├®s un inconveniente t├®cnico con un dispositivo o sistema","example":"Ejemplo: \"Mi notebook no enciende\", \"Windows da un error\", \"No tengo internet\""},{"text":"­ƒÆí Consulta / Asistencia Inform├ítica","value":"BTN_CONSULTA","description":"Si necesit├ís aprender a configurar o recibir orientaci├│n sobre el uso de herramientas tecnol├│gicas","example":"Ejemplo: \"Quiero instalar Microsoft Office\", \"Ayuda para descargar AnyDesk\", \"Instalar WhatsApp\""}]

­ƒôØ PASO 7: Enviar problema "la kompu no prende"...
­ƒôÑ RESPUESTA COMPLETA:
{
  "options": [],
  "ok": true,
  "reply": "Perfecto Lucas. Contame: ┬┐qu├® problema est├ís teniendo?",
  "stage": "ASK_PROBLEM"
}

­ƒöì AN├üLISIS DETALLADO:
- ok: true
- stage: ASK_PROBLEM
- reply (primeros 150 chars): Perfecto Lucas. Contame: ┬┐qu├® problema est├ís teniendo?
- buttons: ÔØî NO EXISTE
- options: Ô£à 0 opciones
- disambiguation: ÔØî FALSE
- device: (no especificado)
- problem: (no especificado)
- ui: ÔØî NO EXISTE

Ô£à TEST COMPLETADO
